\BOOKMARK [0][-]{chapter.1}{\376\377\142\245\124\112\151\202\217\360}{}% 1
\BOOKMARK [0][-]{chapter.2}{\376\377\142\200\147\057\127\372\170\100}{}% 2
\BOOKMARK [1][-]{section.2.1}{\376\377\170\024\172\166\133\371\214\141}{chapter.2}% 3
\BOOKMARK [1][-]{section.2.2}{\376\377\152\041\127\213\117\123\174\373}{chapter.2}% 4
\BOOKMARK [1][-]{section.2.3}{\376\377\133\236\232\214\123\237\122\031}{chapter.2}% 5
\BOOKMARK [0][-]{chapter.3}{\376\377\145\255\134\102\230\204\155\113}{}% 6
\BOOKMARK [1][-]{section.3.1}{\376\377\116\373\122\241\200\314\146\157}{chapter.3}% 7
\BOOKMARK [1][-]{section.3.2}{\376\377\145\271\154\325\123\237\164\006}{chapter.3}% 8
\BOOKMARK [1][-]{section.3.3}{\376\377\213\255\176\303\173\126\165\145}{chapter.3}% 9
\BOOKMARK [1][-]{section.3.4}{\376\377\133\236\232\214\213\276\213\241}{chapter.3}% 10
\BOOKMARK [1][-]{section.3.5}{\376\377\213\304\117\060\143\007\150\007}{chapter.3}% 11
\BOOKMARK [1][-]{section.3.6}{\376\377\133\236\232\214\176\323\147\234}{chapter.3}% 12
\BOOKMARK [0][-]{chapter.4}{\376\377\127\060\227\007\166\370\122\006\122\162}{}% 13
\BOOKMARK [1][-]{section.4.1}{\376\377\116\373\122\241\200\314\146\157}{chapter.4}% 14
\BOOKMARK [1][-]{section.4.2}{\376\377\145\271\154\325\123\237\164\006}{chapter.4}% 15
\BOOKMARK [1][-]{section.4.3}{\376\377\213\255\176\303\173\126\165\145}{chapter.4}% 16
\BOOKMARK [1][-]{section.4.4}{\376\377\133\236\232\214\213\276\213\241}{chapter.4}% 17
\BOOKMARK [1][-]{section.4.5}{\376\377\213\304\117\060\143\007\150\007}{chapter.4}% 18
\BOOKMARK [1][-]{section.4.6}{\376\377\133\236\232\214\176\323\147\234}{chapter.4}% 19
\BOOKMARK [0][-]{chapter.5}{\376\377\120\250\134\102\162\151\140\047\230\204\155\113}{}% 20
\BOOKMARK [1][-]{section.5.1}{\376\377\116\373\122\241\200\314\146\157}{chapter.5}% 21
\BOOKMARK [1][-]{section.5.2}{\376\377\145\271\154\325\123\237\164\006}{chapter.5}% 22
\BOOKMARK [1][-]{section.5.3}{\376\377\213\255\176\303\173\126\165\145}{chapter.5}% 23
\BOOKMARK [1][-]{section.5.4}{\376\377\133\236\232\214\213\276\213\241}{chapter.5}% 24
\BOOKMARK [1][-]{section.5.5}{\376\377\213\304\117\060\143\007\150\007}{chapter.5}% 25
\BOOKMARK [1][-]{section.5.6}{\376\377\133\236\232\214\176\323\147\234}{chapter.5}% 26
\BOOKMARK [0][-]{chapter.6}{\376\377\134\251\166\370\122\006\174\173}{}% 27
\BOOKMARK [1][-]{section.6.1}{\376\377\116\373\122\241\200\314\146\157}{chapter.6}% 28
\BOOKMARK [1][-]{section.6.2}{\376\377\145\271\154\325\123\237\164\006}{chapter.6}% 29
\BOOKMARK [1][-]{section.6.3}{\376\377\213\255\176\303\173\126\165\145}{chapter.6}% 30
\BOOKMARK [1][-]{section.6.4}{\376\377\133\236\232\214\213\276\213\241}{chapter.6}% 31
\BOOKMARK [1][-]{section.6.5}{\376\377\213\304\117\060\143\007\150\007}{chapter.6}% 32
\BOOKMARK [1][-]{section.6.6}{\376\377\133\236\232\214\176\323\147\234}{chapter.6}% 33
\BOOKMARK [0][-]{chapter.7}{\376\377\165\034\160\271\213\304\116\367}{}% 34
\BOOKMARK [1][-]{section.7.1}{\376\377\116\373\122\241\200\314\146\157}{chapter.7}% 35
\BOOKMARK [1][-]{section.7.2}{\376\377\145\271\154\325\123\237\164\006}{chapter.7}% 36
\BOOKMARK [1][-]{section.7.3}{\376\377\213\255\176\303\173\126\165\145}{chapter.7}% 37
\BOOKMARK [1][-]{section.7.4}{\376\377\133\236\232\214\213\276\213\241}{chapter.7}% 38
\BOOKMARK [1][-]{section.7.5}{\376\377\213\304\117\060\143\007\150\007}{chapter.7}% 39
\BOOKMARK [1][-]{section.7.6}{\376\377\133\236\232\214\176\323\147\234}{chapter.7}% 40
\BOOKMARK [0][-]{chapter.8}{\376\377\116\011\176\364\221\315\136\372}{}% 41
\BOOKMARK [1][-]{section.8.1}{\376\377\116\373\122\241\200\314\146\157}{chapter.8}% 42
\BOOKMARK [1][-]{section.8.2}{\376\377\145\271\154\325\123\237\164\006}{chapter.8}% 43
\BOOKMARK [1][-]{section.8.3}{\376\377\213\255\176\303\173\126\165\145}{chapter.8}% 44
\BOOKMARK [1][-]{section.8.4}{\376\377\133\236\232\214\213\276\213\241}{chapter.8}% 45
\BOOKMARK [1][-]{section.8.5}{\376\377\213\304\117\060\143\007\150\007}{chapter.8}% 46
\BOOKMARK [1][-]{section.8.6}{\376\377\133\236\232\214\176\323\147\234}{chapter.8}% 47
\BOOKMARK [0][-]{chapter.9}{\376\377\140\073\176\323\134\125\147\033}{}% 48
\BOOKMARK [0][-]{appendix.A}{\376\377\131\015\163\260\213\364\146\016}{}% 49
\BOOKMARK [1][-]{section.A.1}{\376\377\145\207\150\143\167\037\156\220}{appendix.A}% 50
\BOOKMARK [1][-]{section.A.2}{\376\377\126\376\116\366\165\037\142\020}{appendix.A}% 51
\BOOKMARK [1][-]{section.A.3}{\376\377\142\151\134\125\145\271\137\017}{appendix.A}% 52
